{"level":"info","message":"Verifying task \"Design system updates\" in module \"Web Application\""}
{"level":"info","message":"Verifying task \"Fix navigation bug\" in module \"Web Application\""}
{"level":"info","message":"Verifying task \"Push notification system\" in module \"Mobile Application\""}
{"level":"info","message":"Verifying task \"Implement user authentication\" in module \"Web Application\""}
{"level":"info","message":"Verifying tag \"Bug\" under \"To Do\""}
{"level":"info","message":"Verifying tag \"Feature\" under \"To Do\""}
{"level":"info","message":"Verifying tag \"Design\" under \"In Progress\""}
{"level":"info","message":"Verifying tag \"Feature\" under \"To Do\""}
{"level":"info","message":"Verifying tag \"High Priority\" under \"To Do\""}
{"level":"info","message":"Verifying task \"Offline mode\" in module \"Mobile Application\""}
{"level":"info","message":"Verifying task \"App icon design\" in module \"Mobile Application\""}
{"level":"info","message":"Verifying login action\""}
{"level":"info","message":"Verifying tag \"Design\" under \"Done\""}
{"level":"info","message":"Verifying tag \"Feature\" under \"In Progress\""}
{"level":"info","message":"Verifying tag \"High Priority\" under \"In Progress\""}
{"level":"info","message":"Verifying task \"Implement user authentication\" in module \"Web Application\""}
{"level":"info","message":"Verifying task \"Design system updates\" in module \"Web Application\""}
{"level":"info","message":"Verifying tag \"Feature\" under \"To Do\""}
{"level":"info","message":"Verifying tag \"High Priority\" under \"To Do\""}
{"level":"info","message":"Verifying task \"Fix navigation bug\" in module \"Web Application\""}
{"level":"info","message":"Verifying task \"Offline mode\" in module \"Mobile Application\""}
{"level":"info","message":"Verifying tag \"Design\" under \"In Progress\""}
{"level":"info","message":"Verifying task \"App icon design\" in module \"Mobile Application\""}
{"level":"info","message":"Verifying task \"Push notification system\" in module \"Mobile Application\""}
{"level":"info","message":"Verifying tag \"Feature\" under \"In Progress\""}
{"level":"info","message":"Verifying tag \"High Priority\" under \"In Progress\""}
{"level":"info","message":"Verifying tag \"Bug\" under \"To Do\""}
{"level":"info","message":"Verifying login action\""}
{"level":"info","message":"Verifying tag \"Design\" under \"Done\""}
{"level":"info","message":"Verifying tag \"Feature\" under \"To Do\""}
{"level":"info","message":"Verifying task \"Fix navigation bug\" in module \"Web Application\""}
{"level":"info","message":"Verifying task \"Design system updates\" in module \"Web Application\""}
{"level":"info","message":"Verifying task \"Push notification system\" in module \"Mobile Application\""}
{"level":"info","message":"Verifying task \"Implement user authentication\" in module \"Web Application\""}
{"level":"info","message":"Verifying tag \"Design\" under \"In Progress\""}
{"level":"info","message":"Verifying tag \"Feature\" under \"To Do\""}
{"level":"info","message":"Verifying tag \"Bug\" under \"To Do\""}
{"level":"info","message":"Verifying tag \"Feature\" under \"To Do\""}
{"level":"info","message":"Verifying tag \"High Priority\" under \"To Do\""}
{"level":"info","message":"Verifying task \"App icon design\" in module \"Mobile Application\""}
{"level":"info","message":"Verifying task \"Offline mode\" in module \"Mobile Application\""}
{"level":"info","message":"Verifying login action\""}
{"level":"info","message":"Verifying tag \"Feature\" under \"In Progress\""}
{"level":"info","message":"Verifying tag \"High Priority\" under \"In Progress\""}
{"level":"info","message":"Verifying tag \"Design\" under \"Done\""}
